Running: /opt/Xilinx/14.7/ISE_DS/ISE/bin/lin64/unwrapped/fuse -intstyle ise -incremental -lib secureip -o /home/ise/adder_1bit/full_adder_tb_isim_beh.exe -prj /home/ise/adder_1bit/full_adder_tb_beh.prj work.full_adder_tb 
ISim P.20131013 (signature 0xfbc00daa)
Number of CPUs detected in this system: 1
Turning on mult-threading, number of parallel sub-compilation jobs: 0 
Determining compilation order of HDL files
Parsing VHDL file "/home/ise/adder_1bit/full_adder_1bit.vhd" into library work
Parsing VHDL file "/home/ise/adder_1bit/tb_full_adder_1bit.vhd" into library work
Starting static elaboration
Completed static elaboration
Fuse Memory Usage: 95304 KB
Fuse CPU Usage: 1000 ms
Compiling package standard
Compiling package std_logic_1164
Compiling architecture dataflow of entity full_adder [full_adder_default]
Compiling architecture behavior of entity full_adder_tb
Time Resolution for simulation is 1ps.
Compiled 5 VHDL Units
Built simulation executable /home/ise/adder_1bit/full_adder_tb_isim_beh.exe
Fuse Memory Usage: 103936 KB
Fuse CPU Usage: 1020 ms
GCC CPU Usage: 430 ms
