Running: /opt/Xilinx/14.7/ISE_DS/ISE/bin/lin64/unwrapped/fuse -intstyle ise -incremental -lib secureip -o /home/ise/shared/adder_8bit/full_adder_8bit_tb_isim_beh.exe -prj /home/ise/shared/adder_8bit/full_adder_8bit_tb_beh.prj work.full_adder_8bit_tb 
ISim P.20131013 (signature 0xfbc00daa)
Number of CPUs detected in this system: 1
Turning on mult-threading, number of parallel sub-compilation jobs: 0 
Determining compilation order of HDL files
Parsing VHDL file "/home/ise/shared/adder_8bit/full_adder_1bit.vhd" into library work
Parsing VHDL file "/home/ise/shared/adder_8bit/full_adder_8bit.vhd" into library work
Parsing VHDL file "/home/ise/shared/adder_8bit/tb_full_adder_8bit.vhd" into library work
Starting static elaboration
Completed static elaboration
Fuse Memory Usage: 95300 KB
Fuse CPU Usage: 1580 ms
Compiling package standard
Compiling package std_logic_1164
Compiling architecture dataflow of entity full_adder [full_adder_default]
Compiling architecture structural of entity full_adder_8bit [full_adder_8bit_default]
Compiling architecture behavior of entity full_adder_8bit_tb
Time Resolution for simulation is 1ps.
Compiled 7 VHDL Units
Built simulation executable /home/ise/shared/adder_8bit/full_adder_8bit_tb_isim_beh.exe
Fuse Memory Usage: 104004 KB
Fuse CPU Usage: 1680 ms
GCC CPU Usage: 300 ms
